>stxB2b_stop:159-1391 strand:+ stx2 INTERNAL_STOP
ATGAAGTGTATATTGTTAAAATGGATACTGTGCCTGTTGCTGGGCTTTTCTTCGGTATCC
TATTCCCGGGAATTTACGATAGACTTTTCGACTCAACAAAGTTATGTCTCTTCGTTAAAT
AGTATACGGACAGAAATATCGACTCCTCTTGAGCATATATCTCAGGGGACCACATCGGTG
TCTGTTATTAACCATACCCCACCGGGCAGTTATTTTGCTGTGGATATACGAGGGCTTGAT
GTCTATCAGGCGCGTTTTGACCATCTTCGTCTGATTGTTGAGCAAAATAATTTATATGTG
GCCGGATTCGTTAATACGGCAACAAATACTTTCTACAGATTTTCTGATTTTGCACATATA
TCAGTGCCCGGTGTGACAACTGTTTCCATGACAACGGACAGCAGTTATACCACTCTGCAA
CGTGTCGCAGCGCTGGAACGTTCCGGAATGCAAATCAGTCGTCACTCACTGGTTTCATCA
TATCTGGCGTTAATGGAGTTTAGTGGAAATGCCATGACCAGAGATGCATCCAGAGCAGTT
TTGCGTTTTGTCACTGTCACAGCAGAAGCCTTACGGTTCAGGCAAATACAGAGAGAATTT
CGTCTGGCACTGTCTGAAACTGCTCCTGTTTATACGATGACACCGGAAGAAGTGGACCTC
ACACTGAACTGGGGGAGAATCAGCAATGTGCTTCCGGAGTTTCGGGGAGAGGGTGGTGTC
AGAGTGGGGCGAATATCCTTTAATAATATATCAGCGATACTGGGCACAGTGGCGGTTATA
CTGAATTGCCATCATCAGGGGGCACGTTCCGTTCGCGCCGTGAATGAAGAGATACAACCA
GAATGTCAGATAACTGGCGACAGGCCAGTTATAAGGATAAACAATACTTTATGGGAAAGT
AATACCGCAGCTGCTTTTCTGAATCGCAGGGCTCACTCTTTAAATACATCCGGAGAATAA
CAGGAGTTAAATATGAAGAAGATATTTGTAGCGGCTTTATTTGCTTTTGTTTCTGTTAAT
GCAATGGCAGCTGATTGTGCAAAAGGTAAAATTGAGTTCTCTAAGTATAATGAGAATGAT
ACATTCACAGTAAAAGTGGCCGGGAAAGAGTACTAGACTAACCGCTGGAATCTGCAACCG
CTACTGCAAAGCGCACAGTTAACAGGAATGACGGTAACAATCAAATCAAATACCTGTGCG
TCAGGTTCAGGATTTGCTGAAGTGCAGTTTAAT
>stx2_fs:2165-3229 strand:+ stx2 FRAMESHIFT
ACATCGGTGTCTGTTATTAACCACACCCCACCGGGCAGTTATTTTGCTGTGGATATACGA
GGGCTTGATGTCTATCAGGCGCGTTTTGACCATCTTCGTCTGATTATTGAGCAAAATAAT
TTATATGTGGCCGGGTTCGTTAATACGGCAACAAATACTTTCTACCGTTTTTCAGATTTT
ACACATATATCAGTGCCCGGTGTGACAACGGTTTCCATGACAACGGACAGCAGTTATACC
ACTCTGCAACGTGTCGCAGCGCTGGAACGTTCCGGAATGCAAATCAGTCGTCACTCACTG
GTTTCATCATATCTGGCGTTAATGGAGTTCAGTGGTAATACAATGACCAGAGATGCATCC
AGAGCAGTTCTGCGTTTTGTCAGTCACAGCAGAAGCCTTACGCTTCAGGCAGATACAGAG
AGAATTTCGTCAGGCACTGTCTGAAACTGCTCCTGTGTATACGATGACGCCGGGAGACGT
GGACCTCACTCTGAACTGGGGGCGAATCAGCAATGTGCTTCCGGAGTATCGGGGAGAGGA
TGGTGTCAGAGTGGGGAGAATATCCTTTAATAATATATCGGCGATACTGGGCACTGTGGC
CGTTATACTGAATTGTCATCATCAGGGGGCGCGTTCTGTTCGCGCCGTGAATGAAGATAG
TCAACCAGAATGTCAGATAACTGGCGACAGGCCCGTTATAAAAATAAACAATACATTATG
GGAAAGTAATACAGCTGCAGCGTTTCTGAACAGAAAGTCACAGTTTTTATATACAACGGG
TAAATAAAGGAGTTAAGTATGAAGAAGATGTTTATGGCGGTTTTATTTGCATTAGTTTCT
GTTAATGCAATGGCGGCGGATTGCGCTAAAGGTAAAATTGAGTTTTCCAAGTATAATGAG
AATGATACATTCACAGTAAAAGTGGCCGGAAAAGAGTACTGGACCAGTCGCTGGAATCTG
CAACCGTTACTGCAAAGTGCTCAGTTGACAGGAATGACTGTCACAATCAAATCCAGTACC
TGTGAATCAGGCTCCGGATTTGCTGAAGTGCAGTTTAATAATGAC
>stx2_novel:216-1453 strand:+ stx2 COMPLETE_NOVEL
ATGAAGTGTATATTATTTAAATGGGTACTGTGCCTGTTACTGGGTTTTTCTTCGGTATCC
TATTCCCGGGAATTTACGATAGACTTTTCGACTCAACAAAGTTATGTCTCTTCGTTAAAT
AGTATACGGACAGAGATATCGACCCCTCTTGAACATATATCTCAGGGGACCACATCGGTG
TCTGTTATTAACCACACCCCGCCGGGCAGTTATTTTGCTGTGGATATACGAGGGCTTGAT
GTCTATCAGGCGCGTTTTGACCATCTTCGTCTGATTATTGAGCAAAATAATTTATATGTG
GCCGGGTTCGTTAATACGGCAACAAATACTTTCTACCGTTTTTCAGATTTTACACATATA
TCAGTGCCCGGTGTGACAACGGTTTCCATGACAACGGACAGCAGTTATACCACTCTGCAA
CGTGTCGCAGCGCTGGAACGTTCCGGAATGCAAATCAGTCGTCACTCACTGGTTTCATCA
TATCTGGCGTTAATGGAGTTCAGTGGTAATACAATGACCAGAGATGCATCCAGAGCAGTT
CTGCGTTTTGTCACTGTCACAGCAGAAGCCTTACGCTTCAGGCAGATACAGAGAGAATTT
CGTCAGGCACTGTCTGAAACTGCTCCTGTGTATACGATGACGCCGGGAGACGTGGACCTC
ACTCTGAACTGGGGGCGAATCAGCAATGTGCTTCCGGAGTATCGGGGAGAGGATGGTGTC
AGAGTGGGGAGAATATCCTTTAATAATATATCGGCGATACTGGGTACTGTGGCCGTTATA
CTGAATTGCCATCATCAGGGGGCGCGTTCTGTTCGCGCCGTGAATGAAGAGAGTCAACCA
GAATGTCAGATAACTGGCGACAGGCCCGTTATAAAAATAAACAATACATTATGGGAAAGT
AATACAGCAGCAGCGTTTCTGAACAGAAAATCACAGTCTTTATATACAACGGGTAAATAA
AGGAGTTAAGTATGAAGAAGATGTTTATGGCGGTTTTATTTGCATTAGTTTCTGTTAATG
CAATGGCGGCGGATTGCGCTAAAGGTAAAATTGAGTTTTCCAAGTATAATGAGAATGATA
CATTCACAGTAAAAGTGGCCGGGAAAGAATACTGGACCAGTCGCTGGAATCTGCAACCGT
TACTGCAAAGTGCTCAGCTGACAGGAATGACTGTCACAATCAAATCCAGTACCTGTGAAT
CAGGCTCCGGATTTGCTGAAGTGCAGTTTAATAATGAC
>stx1a:218-1441 strand:+ stx1a COMPLETE
ATGAAAATAATTATTTTTAGAGTGCTAACTTTTTTCTTTGTTATCTTTTCAGTTAATGTG
GTGGCGAAGGAATTTACCTTAGACTTCTCGACTGCAAAGACGTATGTAGATTCGCTGAAT
GTCATTCGCTCTGCAATAGGTACTCCATTACAGACTATTTCATCAGGAGGTACGTCTTTA
CTGATGATTGATAGTGGCACAGGGGATAATTTGTTTGCAGTTGATGTCAGAGGGATAGAT
CCAGAGGAAGGGCGGTTTAATAATCTACGGCTTATTGTTGAACGAAATAATTTATATGTG
ACAGGATTTGTTAACAGGACAAATAATGTTTTTTATCGCTTTGCTGATTTTTCACATGTT
ACCTTTCCAGGTACAACAGCGGTTACATTGTCTGGTGACAGTAGCTATACCACGTTACAG
CGTGTTGCAGGGATCAGTCGTACGGGGATGCAGATAAATCGCCATTCGTTGACTACTTCT
TATCTGGATTTAATGTCGCATAGTGGAACCTCACTGACGCAGTCTGTGGCAAGAGCGATG
TTACGGTTTGTTACTGTGACAGCTGAAGCTTTACGTTTTCGGCAAATACAGAGGGGATTT
CGTACAACACTGGATGATCTCAGTGGGCGTTCTTATGTAATGACTGCTGAAGATGTTGAT
CTTACATTGAACTGGGGAAGGTTGAGTAGCGTCCTGCCTGACTATCATGGACAAGACTCT
GTTCGTGTAGGAAGAATTTCTTTTGGAAGCATTAATGCAATTCTGGGAAGCGTGGCATTA
ATACTGAATTGTCATCATCATGCATCGCGAGTTGCCAGAATGGCATCTGATGAGTTTCCT
TCTATGTGTCCGGCAGATGGAAGAGTCCGTGGGATTACGCACAATAAAATATTGTGGGAT
TCATCCACTCTGGGGGCAATTCTGATGCGCAGAACTATTAGCAGTTGAGGGGGTAAAATG
AAAAAAACATTATTAATAGCTGCATCGCTTTCATTTTTTTCAGCAAGTGCGCTGGCGACG
CCTGATTGTGTAACTGGAAAGGTGGAGTATACAAAATATAATGATGACGATACCTTTACA
GTTAAAGTGGGTGATAAAGAATTATTTACCAACAGATGGAATCTTCAGTCTCTTCTTCTC
AGTGCGCAAATTACGGGGATGACTGTAACCATTAAAACTAATGCCTGTCATAATGGAGGG
GGATTCAGCGAAGTTATTTTTCGT
>stx2c:1301-2538 strand:- stx2c COMPLETE
ATGAAGTGTATATTATTTAAATGGGTACTGTGCCTGTTACTGGGCTTTTCTTCGGTATCC
TATTCCCGGGAATTTACGATAGACTTTTCGACTCAACAAAGTTATGTATCTTCGTTAAAT
AGTATACGGACAGAGATATCGACCCCTCTTGAACATATATCTCAGGGGACCACATCGGTG
TCTGTTATTAACCACACCCCACCGGGCAGTTATTTTGCTGTGGATATACGAGGGCTTGAT
GTCTATCAGGCGCGTTTTGACCATCTTCGTCTGATTATTGAGCAAAATAATTTATATGTG
GCCGGGTTCGTTAATACGGCAACAAATACTTTCTACCGTTTTTCAGATTTTACACATATA
TCAGTGCCCGGTGTGACAACGGTTTCCATGACAACGGACAGCAGTTATACCACTCTGCAA
CGTGTCGCAGCGCTGGAACGTTCCGGAATGCAAATCAGTCGTCACTCACTGGTTTCATCA
TATCTGGCGTTAATGGAGTTCAGTGGTAATACAATGACCAGAGATGCATCCAGAGCAGTT
CTGCGTTTTGTCACTGTCACAGCAGAAGCCTTACGCTTCAGGCAGATACAGAGAGAATTT
CGTCAGGCACTGTCTGAAACTGCTCCTGTGTATACGATGACGCCGGGAGACGTGGACCTC
ACTCTGAACTGGGGGCGAATCAGCAATGTGCTTCCGGAGTATCGGGGAGAGGATGGTGTC
AGAGTGGGGAGAATATCCTTTAATAATATATCGGCGATACTGGGCACTGTGGCCGTTATA
CTGAATTGTCATCATCAGGGGGCGCGTTCTGTTCGCGCCGTGAATGAAGATAGTCAACCA
GAATGTCAGATAACTGGCGACAGGCCCGTTATAAAAATAAACAATACATTATGGGAAAGT
AATACAGCTGCAGCGTTTCTGAACAGAAAGTCACAGTTTTTATATACAACGGGTAAATAA
AGGAGTTAAGTATGAAGAAGATGTTTATGGCGGTTTTATTTGCATTAGTTTCTGTTAATG
CAATGGCGGCGGATTGCGCTAAAGGTAAAATTGAGTTTTCCAAGTATAATGAGAATGATA
CATTCACAGTAAAAGTGGCCGGAAAAGAGTACTGGACCAGTCGCTGGAATCTGCAACCGT
TACTGCAAAGTGCTCAGTTGACAGGAATGACTGTCACAATCAAATCCAGTACCTGTGAAT
CAGGCTCCGGATTTGCTGAAGTGCAGTTTAATAATGAC
>partial_contig_end:3-661 strand:- stx2 PARTIAL_CONTIG_END
AGCAGTTATACCACTCTGCAACGTGTCGCAGCGCTGGAACGTTCCGGAATGCAAATCAGT
CGTCACTCACTGGTTTCATCATATCTGGCGTTAATGGAGTTCAGTGGTAATACAATGACC
AGAGATGCATCCAGAGCAGTTCTGCGTTTTGTCACTGTCACAGCAGAAGCCTTACGCTTC
AGGCAGATACAGAGAGAATTTCGTCAGGCACTGTCTGAAACTGCTCCTGTGTATACGATG
ACGCCGGGAGACGTGGACCTCACTCTGAACTGGGGGCGAATCAGCAATGTGCTTCCGGAG
TATCGGGGAGAGGATGGTGTCAGAGTGGGGAGAATATCCTTTAATAATATATCAGCGATA
CTGGGGACTGTGGCCGTTATACTGAATTGCCATCATCAGGGGGCGCGTTCTGTTCGCGCC
GTGAATGAAGAGAGTCAACCAGAATGTCAGATAACTGGCGACAGGCCTGTTATAAAAATA
AACAATACATTATGGGAAAGTAATACAGCTGCAGCGTTTCTGAACAGAAAGTCACAGTTT
TTATATACAACGGGTAAATAAAGGAGTTAAGCATGAAGAAGATGTTTATGGCGGTTTTAT
TTGCATTAGCTTCTGTTAATGCAATGGCGGCGGATTGTGCTAAAGGTAAAATTGAGTTT
>partial:27-1045 strand:+ stx2 PARTIAL
GTACACCTCAGAGGGCTTGATGTCTATCAGGCGCGTTTTGACCATCTTCGTCTGATTATT
GAGCAAAATAATTTATATGTGGCCGGGTTCGTTAATACGGCAACAAATACTTTCTACCGT
TTTTCAGATTTTACACATATATCAGTGCCCGGTGTGACAACGGTTTCCATGACAACGGAC
AGCAGTTATACCACTCTGCAACGTGTCGCAGCGCTGGAACGTTCCGGAATGCAAATCAGT
CGTCACTCACTGGTTTCATCATATCTGGCGTTAATGGAGTTCAGTGGTAATACAATGACC
AGAGATGCATCCAGAGCAGTTCTGCGTTTTGTCACTGTCACAGCAGAAGCCTTACGCTTC
AGGCAGATACAGAGAGAATTTCGTCAGGCACTGTCTGAAACTGCTCCTGTGTATACGATG
ACGCCGGGAGACGTGGACCTCACTCTGAACTGGGGGCGAATCAGCAATGTGCTTCCGGAG
TATCGGGGAGAGGATGGTGTCAGAGTGGGGAGAATATCCTTTAATAATATATCAGCGATA
CTGGGGACTGTGGCCGTTATACTGAATTGCCATCATCAGGGGGCGCGTTCTGTTCGCGCC
GTGAATGAAGAGAGTCAACCAGAATGTCAGATAACTGGCGACAGGCCCGTTATAAAAATA
AACAATACATTATGGGAAAGTAATACAGCTGCAGCGTTTCTGAACAGAAAGTCACAGTTT
TTATATACAACGGGTAAATAAAGGAGTTAAGCATGAAGAAGATGTTTATGGCGGTTTTAT
TTGCATTAGCTTCTGTTAATGCAATGGCGGCGGATTGTGCTAAAGGTAAAATTGAGTTTT
CCAAGTATAATGAGGATGACACATTTACAGTGAAGGTTGACGGGAAAGAATACTGGACCA
GTCGCTGGAATCTGCAACCGTTACTGCAAAGTGCTCAGTTGACAGGAATGACTGTCACAA
TCAAATCCAGTACCTGTGAATCAGGCTCCGGATTTGCTGAAGTGCAGTTTAATAATGAC
