>stx2_stop:694-1635 strand:+ stx2 PARTIAL_CONTIG_END
ATGAAGTGTATATTCTTGAAGTGGTTGCTGTGTCTTTTATTAAATTTCTCTGCTATATCT
TATGCCCGTGAGTTTACAATAGACTTTTCGTCTCAACAAAGTTATGTATCTTCGTTAAAT
AGTATACGCACAGCGATATCGACACCCCTTGAAAATATATCTCAGGGGGGTACATCGGTA
TCGGTTATTAATCATACGCCACCAGGAAGTTATATTGCCGTAGATATACGAGGGCTTGAT
GTTTATCAGGCGCGTTTTGACCACCTTCGTCTGATTGTTGAGCAAAATAATTTATATGTG
GCTGGATTTGTTAATACGGCAACAAATACTTTCTACAGATTTTCAGATTTTTCACATATA
TCAGTGCCCGGTGTGACAACGGTTTCCATGACAACAGACAGCAGTTATACCACTCTGCAA
CGTGTCGCAGCGCTGGAACGTTCTGGGATGCAAATCAGTCGTCACTCACTGGTTTCATCA
TATCTGGCGTTAATGGAGTTTAGTGGTAATGCCATGAACAGTGAGGCCTCCAGAGCAATC
CTGCGTTTTGTCACTGTCACAGCCGAAGCTTTACGCTTCAGGCAAATACAGAGAGAATTT
CGTAAGGCACTATCTGAAGCAGCTCCGGTTTATACGATGACATCGGAAGATGTGGACCTT
ACTCTGAACTGGGGAAGAATAAGCAATGTTCTTCCTGAATACAGAGGAGAAGAGGGCGTC
AGGGTGGGGCGAATATCCTTCAATAGTCTTCCGGCAATACTAGGGAGTGTGGCGGTTATA
TTGAATTGCCATCATCAGGGGGCACGTTCTGTTCGCTCCGTTAATCAAGAGAAGCAACCG
GAATGTCAAATAACTGGCGACAGGCCAGTTATAAAAATAAACAATATCTTATGGGAAAGT
AATACAGCAGCAGCTTTTCTGAACCGGAAATCTCAGTCTTGA
>stx2_fs:2165-3232 strand:+ stx2 FRAMESHIFT
ACATCGGTGTCTGTTATTAACCACACCCCACCGGGCAGTTATTTTGCTGTGGATATACGA
GGGCTTGATGTCTATCAGGCGCGTTTTGACCATCTTCGTCTGATTATTGAGCAAAATAAT
TTATATGTGGCCGGGTTCGTTAATACGGCAACAAATACTTTCTACCGTTTTTCAGATTTT
ACACATATATCAGTGCCCGGTGTGACAACGGTTTCCATGACAACGGACAGCAGTTATACC
ACTCTGCAACGTGTCGCAGCGCTGGAACGTTCCGGAATGCAAATCAGTCGTCACTCACTG
GTTTCATCATATCTGGCGTTAATGGAGTTCAGTGGTAATACAATGACCAGAGATGCATCC
AGAGCAGTTCTGCGTTTTGTCAGTCACAGCAGAAGCCTTACGCTTCAGGCAGATACAGAG
AGAATTTCGTCAGGCACTGTCTGAAACTGCTCCTGTGTATACGATGACGCCGGGAGACGT
GGACCTCACTCTGAACTGGGGGCGAATCAGCAATGTGCTTCCGGAGTATCGGGGAGAGGA
TGGTGTCAGAGTGGGGAGAATATCCTTTAATAATATATCGGCGATACTGGGCACTGTGGC
CGTTATACTGAATTGTCATCATCAGGGGGCGCGTTCTGTTCGCGCCGTGAATGAAGATAG
TCAACCAGAATGTCAGATAACTGGCGACAGGCCCGTTATAAAAATAAACAATACATTATG
GGAAAGTAATACAGCTGCAGCGTTTCTGAACAGAAAGTCACAGTTTTTATATACAACGGG
TAAATAAAGGAGTTAAGTATGAAGAAGATGTTTATGGCGGTTTTATTTGCATTAGTTTCT
GTTAATGCAATGGCGGCGGATTGCGCTAAAGGTAAAATTGAGTTTTCCAAGTATAATGAG
AATGATACATTCACAGTAAAAGTGGCCGGAAAAGAGTACTGGACCAGTCGCTGGAATCTG
CAACCGTTACTGCAAAGTGCTCAGTTGACAGGAATGACTGTCACAATCAAATCCAGTACC
TGTGAATCAGGCTCCGGATTTGCTGAAGTGCAGTTTAATAATGACTGA
>stx2_novel:216-1456 strand:+ stx2 COMPLETE_NOVEL
ATGAAGTGTATATTATTTAAATGGGTACTGTGCCTGTTACTGGGTTTTTCTTCGGTATCC
TATTCCCGGGAATTTACGATAGACTTTTCGACTCAACAAAGTTATGTCTCTTCGTTAAAT
AGTATACGGACAGAGATATCGACCCCTCTTGAACATATATCTCAGGGGACCACATCGGTG
TCTGTTATTAACCACACCCCGCCGGGCAGTTATTTTGCTGTGGATATACGAGGGCTTGAT
GTCTATCAGGCGCGTTTTGACCATCTTCGTCTGATTATTGAGCAAAATAATTTATATGTG
GCCGGGTTCGTTAATACGGCAACAAATACTTTCTACCGTTTTTCAGATTTTACACATATA
TCAGTGCCCGGTGTGACAACGGTTTCCATGACAACGGACAGCAGTTATACCACTCTGCAA
CGTGTCGCAGCGCTGGAACGTTCCGGAATGCAAATCAGTCGTCACTCACTGGTTTCATCA
TATCTGGCGTTAATGGAGTTCAGTGGTAATACAATGACCAGAGATGCATCCAGAGCAGTT
CTGCGTTTTGTCACTGTCACAGCAGAAGCCTTACGCTTCAGGCAGATACAGAGAGAATTT
CGTCAGGCACTGTCTGAAACTGCTCCTGTGTATACGATGACGCCGGGAGACGTGGACCTC
ACTCTGAACTGGGGGCGAATCAGCAATGTGCTTCCGGAGTATCGGGGAGAGGATGGTGTC
AGAGTGGGGAGAATATCCTTTAATAATATATCGGCGATACTGGGTACTGTGGCCGTTATA
CTGAATTGCCATCATCAGGGGGCGCGTTCTGTTCGCGCCGTGAATGAAGAGAGTCAACCA
GAATGTCAGATAACTGGCGACAGGCCCGTTATAAAAATAAACAATACATTATGGGAAAGT
AATACAGCAGCAGCGTTTCTGAACAGAAAATCACAGTCTTTATATACAACGGGTAAATAA
AGGAGTTAAGTATGAAGAAGATGTTTATGGCGGTTTTATTTGCATTAGTTTCTGTTAATG
CAATGGCGGCGGATTGCGCTAAAGGTAAAATTGAGTTTTCCAAGTATAATGAGAATGATA
CATTCACAGTAAAAGTGGCCGGGAAAGAATACTGGACCAGTCGCTGGAATCTGCAACCGT
TACTGCAAAGTGCTCAGCTGACAGGAATGACTGTCACAATCAAATCCAGTACCTGTGAAT
CAGGCTCCGGATTTGCTGAAGTGCAGTTTAATAATGACTGA
>stx1a:218-1444 strand:+ stx1a COMPLETE
ATGAAAATAATTATTTTTAGAGTGCTAACTTTTTTCTTTGTTATCTTTTCAGTTAATGTG
GTGGCGAAGGAATTTACCTTAGACTTCTCGACTGCAAAGACGTATGTAGATTCGCTGAAT
GTCATTCGCTCTGCAATAGGTACTCCATTACAGACTATTTCATCAGGAGGTACGTCTTTA
CTGATGATTGATAGTGGCACAGGGGATAATTTGTTTGCAGTTGATGTCAGAGGGATAGAT
CCAGAGGAAGGGCGGTTTAATAATCTACGGCTTATTGTTGAACGAAATAATTTATATGTG
ACAGGATTTGTTAACAGGACAAATAATGTTTTTTATCGCTTTGCTGATTTTTCACATGTT
ACCTTTCCAGGTACAACAGCGGTTACATTGTCTGGTGACAGTAGCTATACCACGTTACAG
CGTGTTGCAGGGATCAGTCGTACGGGGATGCAGATAAATCGCCATTCGTTGACTACTTCT
TATCTGGATTTAATGTCGCATAGTGGAACCTCACTGACGCAGTCTGTGGCAAGAGCGATG
TTACGGTTTGTTACTGTGACAGCTGAAGCTTTACGTTTTCGGCAAATACAGAGGGGATTT
CGTACAACACTGGATGATCTCAGTGGGCGTTCTTATGTAATGACTGCTGAAGATGTTGAT
CTTACATTGAACTGGGGAAGGTTGAGTAGCGTCCTGCCTGACTATCATGGACAAGACTCT
GTTCGTGTAGGAAGAATTTCTTTTGGAAGCATTAATGCAATTCTGGGAAGCGTGGCATTA
ATACTGAATTGTCATCATCATGCATCGCGAGTTGCCAGAATGGCATCTGATGAGTTTCCT
TCTATGTGTCCGGCAGATGGAAGAGTCCGTGGGATTACGCACAATAAAATATTGTGGGAT
TCATCCACTCTGGGGGCAATTCTGATGCGCAGAACTATTAGCAGTTGAGGGGGTAAAATG
AAAAAAACATTATTAATAGCTGCATCGCTTTCATTTTTTTCAGCAAGTGCGCTGGCGACG
CCTGATTGTGTAACTGGAAAGGTGGAGTATACAAAATATAATGATGACGATACCTTTACA
GTTAAAGTGGGTGATAAAGAATTATTTACCAACAGATGGAATCTTCAGTCTCTTCTTCTC
AGTGCGCAAATTACGGGGATGACTGTAACCATTAAAACTAATGCCTGTCATAATGGAGGG
GGATTCAGCGAAGTTATTTTTCGTTGA
>stx2c:1298-2538 strand:- stx2c COMPLETE
ATGAAGTGTATATTATTTAAATGGGTACTGTGCCTGTTACTGGGCTTTTCTTCGGTATCC
TATTCCCGGGAATTTACGATAGACTTTTCGACTCAACAAAGTTATGTATCTTCGTTAAAT
AGTATACGGACAGAGATATCGACCCCTCTTGAACATATATCTCAGGGGACCACATCGGTG
TCTGTTATTAACCACACCCCACCGGGCAGTTATTTTGCTGTGGATATACGAGGGCTTGAT
GTCTATCAGGCGCGTTTTGACCATCTTCGTCTGATTATTGAGCAAAATAATTTATATGTG
GCCGGGTTCGTTAATACGGCAACAAATACTTTCTACCGTTTTTCAGATTTTACACATATA
TCAGTGCCCGGTGTGACAACGGTTTCCATGACAACGGACAGCAGTTATACCACTCTGCAA
CGTGTCGCAGCGCTGGAACGTTCCGGAATGCAAATCAGTCGTCACTCACTGGTTTCATCA
TATCTGGCGTTAATGGAGTTCAGTGGTAATACAATGACCAGAGATGCATCCAGAGCAGTT
CTGCGTTTTGTCACTGTCACAGCAGAAGCCTTACGCTTCAGGCAGATACAGAGAGAATTT
CGTCAGGCACTGTCTGAAACTGCTCCTGTGTATACGATGACGCCGGGAGACGTGGACCTC
ACTCTGAACTGGGGGCGAATCAGCAATGTGCTTCCGGAGTATCGGGGAGAGGATGGTGTC
AGAGTGGGGAGAATATCCTTTAATAATATATCGGCGATACTGGGCACTGTGGCCGTTATA
CTGAATTGTCATCATCAGGGGGCGCGTTCTGTTCGCGCCGTGAATGAAGATAGTCAACCA
GAATGTCAGATAACTGGCGACAGGCCCGTTATAAAAATAAACAATACATTATGGGAAAGT
AATACAGCTGCAGCGTTTCTGAACAGAAAGTCACAGTTTTTATATACAACGGGTAAATAA
AGGAGTTAAGTATGAAGAAGATGTTTATGGCGGTTTTATTTGCATTAGTTTCTGTTAATG
CAATGGCGGCGGATTGCGCTAAAGGTAAAATTGAGTTTTCCAAGTATAATGAGAATGATA
CATTCACAGTAAAAGTGGCCGGAAAAGAGTACTGGACCAGTCGCTGGAATCTGCAACCGT
TACTGCAAAGTGCTCAGTTGACAGGAATGACTGTCACAATCAAATCCAGTACCTGTGAAT
CAGGCTCCGGATTTGCTGAAGTGCAGTTTAATAATGACTGA
>partial_contig_end:3-661 strand:- stx2 PARTIAL_CONTIG_END
AGCAGTTATACCACTCTGCAACGTGTCGCAGCGCTGGAACGTTCCGGAATGCAAATCAGT
CGTCACTCACTGGTTTCATCATATCTGGCGTTAATGGAGTTCAGTGGTAATACAATGACC
AGAGATGCATCCAGAGCAGTTCTGCGTTTTGTCACTGTCACAGCAGAAGCCTTACGCTTC
AGGCAGATACAGAGAGAATTTCGTCAGGCACTGTCTGAAACTGCTCCTGTGTATACGATG
ACGCCGGGAGACGTGGACCTCACTCTGAACTGGGGGCGAATCAGCAATGTGCTTCCGGAG
TATCGGGGAGAGGATGGTGTCAGAGTGGGGAGAATATCCTTTAATAATATATCAGCGATA
CTGGGGACTGTGGCCGTTATACTGAATTGCCATCATCAGGGGGCGCGTTCTGTTCGCGCC
GTGAATGAAGAGAGTCAACCAGAATGTCAGATAACTGGCGACAGGCCTGTTATAAAAATA
AACAATACATTATGGGAAAGTAATACAGCTGCAGCGTTTCTGAACAGAAAGTCACAGTTT
TTATATACAACGGGTAAATAAAGGAGTTAAGCATGAAGAAGATGTTTATGGCGGTTTTAT
TTGCATTAGCTTCTGTTAATGCAATGGCGGCGGATTGTGCTAAAGGTAAAATTGAGTTT
>partial:27-1048 strand:+ stx2 PARTIAL
GTACACCTCAGAGGGCTTGATGTCTATCAGGCGCGTTTTGACCATCTTCGTCTGATTATT
GAGCAAAATAATTTATATGTGGCCGGGTTCGTTAATACGGCAACAAATACTTTCTACCGT
TTTTCAGATTTTACACATATATCAGTGCCCGGTGTGACAACGGTTTCCATGACAACGGAC
AGCAGTTATACCACTCTGCAACGTGTCGCAGCGCTGGAACGTTCCGGAATGCAAATCAGT
CGTCACTCACTGGTTTCATCATATCTGGCGTTAATGGAGTTCAGTGGTAATACAATGACC
AGAGATGCATCCAGAGCAGTTCTGCGTTTTGTCACTGTCACAGCAGAAGCCTTACGCTTC
AGGCAGATACAGAGAGAATTTCGTCAGGCACTGTCTGAAACTGCTCCTGTGTATACGATG
ACGCCGGGAGACGTGGACCTCACTCTGAACTGGGGGCGAATCAGCAATGTGCTTCCGGAG
TATCGGGGAGAGGATGGTGTCAGAGTGGGGAGAATATCCTTTAATAATATATCAGCGATA
CTGGGGACTGTGGCCGTTATACTGAATTGCCATCATCAGGGGGCGCGTTCTGTTCGCGCC
GTGAATGAAGAGAGTCAACCAGAATGTCAGATAACTGGCGACAGGCCCGTTATAAAAATA
AACAATACATTATGGGAAAGTAATACAGCTGCAGCGTTTCTGAACAGAAAGTCACAGTTT
TTATATACAACGGGTAAATAAAGGAGTTAAGCATGAAGAAGATGTTTATGGCGGTTTTAT
TTGCATTAGCTTCTGTTAATGCAATGGCGGCGGATTGTGCTAAAGGTAAAATTGAGTTTT
CCAAGTATAATGAGGATGACACATTTACAGTGAAGGTTGACGGGAAAGAATACTGGACCA
GTCGCTGGAATCTGCAACCGTTACTGCAAAGTGCTCAGTTGACAGGAATGACTGTCACAA
TCAAATCCAGTACCTGTGAATCAGGCTCCGGATTTGCTGAAGTGCAGTTTAATAATGACT
GA
